// Jest Snapshot v1, https://goo.gl/fbAQLP

exports[`AppMain.fill Should be fill correctly 1`] = `"<section class=\\"clip-container\\"><h2 class=\\"title-item\\"><a href=\\"https://www.youtube.com/watch?v=GIo3iiRqD7E\\" title=\\"to YouTube\\" target=\\"_blank\\">title</a></h2><a href=\\"https://www.youtube.com/watch?v=GIo3iiRqD7E\\" title=\\"to YouTube\\" target=\\"_blank\\" class=\\"img-anchor\\"><img class=\\"clip-picture\\" src=\\"https://i.ytimg.com/vi/GIo3iiRqD7E/mqdefault.jpg\\" width=\\"320\\" height=\\"180\\" alt=\\"clip-picture\\"></a><p class=\\"channel-item clip-item-container\\">CEROL</p><p class=\\"date-item clip-item-container\\">2019-03-15</p><p class=\\"view-count-item clip-item-container\\">199444</p><p class=\\"description-item\\">description</p></section>"`;

exports[`AppMain.prototype.fill Should be fill correctly 1`] = `"<section class=\\"clip-container\\"><h2 class=\\"title-item\\"><a href=\\"https://www.youtube.com/watch?v=GIo3iiRqD7E\\" title=\\"to YouTube\\" target=\\"_blank\\">title</a></h2><a href=\\"https://www.youtube.com/watch?v=GIo3iiRqD7E\\" title=\\"to YouTube\\" target=\\"_blank\\" class=\\"img-anchor\\"><img class=\\"clip-picture\\" src=\\"https://i.ytimg.com/vi/GIo3iiRqD7E/mqdefault.jpg\\" width=\\"320\\" height=\\"180\\" alt=\\"clip-picture\\"></a><p class=\\"channel-item clip-item-container\\">CEROL</p><p class=\\"date-item clip-item-container\\">2019-03-15</p><p class=\\"view-count-item clip-item-container\\">199444</p><p class=\\"description-item\\">description</p></section>"`;

exports[`AppMain.render Should be render correctly 1`] = `"<main class=\\"main\\"><div class=\\"content-container\\"></div></main>"`;
